// Jest Snapshot v1, https://goo.gl/fbAQLP

exports[`ChartWrapper component Component gets rendered 1`] = `<div />`;
